c:\users\user\desktop\project\whfwkr\server\servercore\x64\debug\servercore.pch
c:\users\user\desktop\project\whfwkr\server\libraries\libs\servercore\debug\servercore.pdb
c:\users\user\desktop\project\whfwkr\server\libraries\libs\servercore\debug\servercore.idb
c:\users\user\desktop\project\whfwkr\server\servercore\x64\debug\pch.obj
c:\users\user\desktop\project\whfwkr\server\servercore\x64\debug\threadmanager.obj
c:\users\user\desktop\project\whfwkr\server\servercore\x64\debug\socketutils.obj
c:\users\user\desktop\project\whfwkr\server\servercore\x64\debug\session.obj
c:\users\user\desktop\project\whfwkr\server\servercore\x64\debug\service.obj
c:\users\user\desktop\project\whfwkr\server\servercore\x64\debug\sendbuffer.obj
c:\users\user\desktop\project\whfwkr\server\servercore\x64\debug\recvbuffer.obj
c:\users\user\desktop\project\whfwkr\server\servercore\x64\debug\netaddress.obj
c:\users\user\desktop\project\whfwkr\server\servercore\x64\debug\lockqueue.obj
c:\users\user\desktop\project\whfwkr\server\servercore\x64\debug\listener.obj
c:\users\user\desktop\project\whfwkr\server\servercore\x64\debug\jobtimer.obj
c:\users\user\desktop\project\whfwkr\server\servercore\x64\debug\jobqueue.obj
c:\users\user\desktop\project\whfwkr\server\servercore\x64\debug\job.obj
c:\users\user\desktop\project\whfwkr\server\servercore\x64\debug\iocpevent.obj
c:\users\user\desktop\project\whfwkr\server\servercore\x64\debug\iocpcore.obj
c:\users\user\desktop\project\whfwkr\server\servercore\x64\debug\globalqueue.obj
c:\users\user\desktop\project\whfwkr\server\servercore\x64\debug\coretls.obj
c:\users\user\desktop\project\whfwkr\server\servercore\x64\debug\corepch.obj
c:\users\user\desktop\project\whfwkr\server\servercore\x64\debug\coreglobal.obj
c:\users\user\desktop\project\whfwkr\server\servercore\x64\debug\bufferwriter.obj
c:\users\user\desktop\project\whfwkr\server\servercore\x64\debug\bufferreader.obj
c:\users\user\desktop\project\whfwkr\server\libraries\libs\servercore\debug\servercore.lib
c:\users\user\desktop\project\whfwkr\server\servercore\x64\debug\servercore.tlog\cl.command.1.tlog
c:\users\user\desktop\project\whfwkr\server\servercore\x64\debug\servercore.tlog\cl.items.tlog
c:\users\user\desktop\project\whfwkr\server\servercore\x64\debug\servercore.tlog\cl.read.1.tlog
c:\users\user\desktop\project\whfwkr\server\servercore\x64\debug\servercore.tlog\cl.write.1.tlog
c:\users\user\desktop\project\whfwkr\server\servercore\x64\debug\servercore.tlog\lib-link.read.1.tlog
c:\users\user\desktop\project\whfwkr\server\servercore\x64\debug\servercore.tlog\lib-link.write.1.tlog
c:\users\user\desktop\project\whfwkr\server\servercore\x64\debug\servercore.tlog\lib.command.1.tlog
