  'protoc.exe' is not recognized as an internal or external command,
  operable program or batch file.
  'protoc.exe' is not recognized as an internal or external command,
  operable program or batch file.
  'protoc.exe' is not recognized as an internal or external command,
  operable program or batch file.
  'GenPackets.exe' is not recognized as an internal or external command,
  operable program or batch file.
  'GenPackets.exe' is not recognized as an internal or external command,
  operable program or batch file.
  Press any key to continue . . . 
  File not found - Enum.pb.h
  0 File(s) copied
  File not found - Enum.pb.cc
  0 File(s) copied
  File not found - Struct.pb.h
  0 File(s) copied
  File not found - Struct.pb.cc
  0 File(s) copied
  File not found - Protocol.pb.h
  0 File(s) copied
  File not found - Protocol.pb.cc
  0 File(s) copied
  File not found - ServerPacketHandler.h
  0 File(s) copied
  File not found - Enum.pb.h
  0 File(s) copied
  File not found - Enum.pb.cc
  0 File(s) copied
  File not found - Struct.pb.h
  0 File(s) copied
  File not found - Struct.pb.cc
  0 File(s) copied
  File not found - Protocol.pb.h
  0 File(s) copied
  File not found - Protocol.pb.cc
  0 File(s) copied
  File not found - ClientPacketHandler.h
  0 File(s) copied
  File not found - Enum.pb.h
  0 File(s) copied
  File not found - Enum.pb.cc
  0 File(s) copied
  File not found - Struct.pb.h
  0 File(s) copied
  File not found - Struct.pb.cc
  0 File(s) copied
  File not found - Protocol.pb.h
  0 File(s) copied
  File not found - Protocol.pb.cc
  0 File(s) copied
  File not found - ClientPacketHandler.h
  0 File(s) copied
  Could Not Find D:\Source\whfwkr\Server\Common\protoc-21.12-win64\bin\*.pb.h
  Could Not Find D:\Source\whfwkr\Server\Common\protoc-21.12-win64\bin\*.pb.cc
  Could Not Find D:\Source\whfwkr\Server\Common\protoc-21.12-win64\bin\*.h
  Press any key to continue . . . 
  pch.cpp
  ClientPacketHandler.cpp
  DummyClient.cpp
  코드를 생성하고 있습니다...
  Enum.pb.cc
  Protocol.pb.cc
  Struct.pb.cc
  코드를 생성하고 있습니다...
DummyClient.obj : error LNK2019: "bool __cdecl Handle_S_LEAVE_GAME(class std::shared_ptr<class PacketSession> &,class Protocol::S_LEAVE_GAME &)" (?Handle_S_LEAVE_GAME@@YA_NAEAV?$shared_ptr@VPacketSession@@@std@@AEAVS_LEAVE_GAME@Protocol@@@Z)"public: __cdecl `public: static void __cdecl ClientPacketHandler::Init(void)'::`2'::<lambda_3>::operator()(class std::shared_ptr<class PacketSession> &,unsigned char *,int)const " (??R<lambda_3>@?1??Init@ClientPacketHandler@@SAXXZ@QEBA@AEAV?$shared_ptr@VPacketSession@@@std@@PEAEH@Z) 함수에서 참조되는 확인할 수 없는 외부 기호
DummyClient.obj : error LNK2019: "bool __cdecl Handle_S_SPAWN(class std::shared_ptr<class PacketSession> &,class Protocol::S_SPAWN &)" (?Handle_S_SPAWN@@YA_NAEAV?$shared_ptr@VPacketSession@@@std@@AEAVS_SPAWN@Protocol@@@Z)"public: __cdecl `public: static void __cdecl ClientPacketHandler::Init(void)'::`2'::<lambda_4>::operator()(class std::shared_ptr<class PacketSession> &,unsigned char *,int)const " (??R<lambda_4>@?1??Init@ClientPacketHandler@@SAXXZ@QEBA@AEAV?$shared_ptr@VPacketSession@@@std@@PEAEH@Z) 함수에서 참조되는 확인할 수 없는 외부 기호
DummyClient.obj : error LNK2019: "bool __cdecl Handle_S_DESPAWN(class std::shared_ptr<class PacketSession> &,class Protocol::S_DESPAWN &)" (?Handle_S_DESPAWN@@YA_NAEAV?$shared_ptr@VPacketSession@@@std@@AEAVS_DESPAWN@Protocol@@@Z)"public: __cdecl `public: static void __cdecl ClientPacketHandler::Init(void)'::`2'::<lambda_5>::operator()(class std::shared_ptr<class PacketSession> &,unsigned char *,int)const " (??R<lambda_5>@?1??Init@ClientPacketHandler@@SAXXZ@QEBA@AEAV?$shared_ptr@VPacketSession@@@std@@PEAEH@Z) 함수에서 참조되는 확인할 수 없는 외부 기호
DummyClient.obj : error LNK2019: "bool __cdecl Handle_S_MOVE(class std::shared_ptr<class PacketSession> &,class Protocol::S_MOVE &)" (?Handle_S_MOVE@@YA_NAEAV?$shared_ptr@VPacketSession@@@std@@AEAVS_MOVE@Protocol@@@Z)"public: __cdecl `public: static void __cdecl ClientPacketHandler::Init(void)'::`2'::<lambda_6>::operator()(class std::shared_ptr<class PacketSession> &,unsigned char *,int)const " (??R<lambda_6>@?1??Init@ClientPacketHandler@@SAXXZ@QEBA@AEAV?$shared_ptr@VPacketSession@@@std@@PEAEH@Z) 함수에서 참조되는 확인할 수 없는 외부 기호
D:\Source\whfwkr\Server\Binaries\Debug\DummyClient.exe : fatal error LNK1120: 4개의 확인할 수 없는 외부 참조입니다.
