c:\users\user\desktop\project\whfwkr\server\gameserver\x64\debug\gameserver.pch
c:\users\user\desktop\project\whfwkr\server\gameserver\x64\debug\vc143.pdb
c:\users\user\desktop\project\whfwkr\server\gameserver\x64\debug\vc143.idb
c:\users\user\desktop\project\whfwkr\server\gameserver\x64\debug\pch.obj
c:\users\user\desktop\project\whfwkr\server\gameserver\x64\debug\struct.pb.obj
c:\users\user\desktop\project\whfwkr\server\gameserver\x64\debug\protocol.pb.obj
c:\users\user\desktop\project\whfwkr\server\gameserver\x64\debug\enum.pb.obj
c:\users\user\desktop\project\whfwkr\server\gameserver\x64\debug\serverpackethandler.obj
c:\users\user\desktop\project\whfwkr\server\gameserver\x64\debug\gamesessionmanager.obj
c:\users\user\desktop\project\whfwkr\server\gameserver\x64\debug\gamesession.obj
c:\users\user\desktop\project\whfwkr\server\gameserver\x64\debug\gameserver.obj
c:\users\user\desktop\project\whfwkr\server\binaries\debug\gameserver.pdb
c:\users\user\desktop\project\whfwkr\server\gameserver\x64\debug\gameserver.tlog\cl.command.1.tlog
c:\users\user\desktop\project\whfwkr\server\gameserver\x64\debug\gameserver.tlog\cl.read.1.tlog
c:\users\user\desktop\project\whfwkr\server\gameserver\x64\debug\gameserver.tlog\cl.write.1.tlog
c:\users\user\desktop\project\whfwkr\server\gameserver\x64\debug\gameserver.tlog\link.command.1.tlog
c:\users\user\desktop\project\whfwkr\server\gameserver\x64\debug\gameserver.tlog\link.read.1.tlog
c:\users\user\desktop\project\whfwkr\server\gameserver\x64\debug\gameserver.tlog\link.read.2.tlog
c:\users\user\desktop\project\whfwkr\server\gameserver\x64\debug\gameserver.tlog\link.read.3.tlog
c:\users\user\desktop\project\whfwkr\server\gameserver\x64\debug\gameserver.tlog\link.read.4.tlog
c:\users\user\desktop\project\whfwkr\server\gameserver\x64\debug\gameserver.tlog\link.write.1.tlog
