  'protoc.exe'은(는) 내부 또는 외부 명령, 실행할 수 있는 프로그램, 또는
  배치 파일이 아닙니다.
  'protoc.exe'은(는) 내부 또는 외부 명령, 실행할 수 있는 프로그램, 또는
  배치 파일이 아닙니다.
  'protoc.exe'은(는) 내부 또는 외부 명령, 실행할 수 있는 프로그램, 또는
  배치 파일이 아닙니다.
  'GenPackets.exe'은(는) 내부 또는 외부 명령, 실행할 수 있는 프로그램, 또는
  배치 파일이 아닙니다.
  'GenPackets.exe'은(는) 내부 또는 외부 명령, 실행할 수 있는 프로그램, 또는
  배치 파일이 아닙니다.
  계속하려면 아무 키나 누르십시오 . . . 
  파일을 찾을 수 없습니다-Enum.pb.h
  0개 파일이 복사되었습니다.
  파일을 찾을 수 없습니다-Enum.pb.cc
  0개 파일이 복사되었습니다.
  파일을 찾을 수 없습니다-Struct.pb.h
  0개 파일이 복사되었습니다.
  파일을 찾을 수 없습니다-Struct.pb.cc
  0개 파일이 복사되었습니다.
  파일을 찾을 수 없습니다-Protocol.pb.h
  0개 파일이 복사되었습니다.
  파일을 찾을 수 없습니다-Protocol.pb.cc
  0개 파일이 복사되었습니다.
  0개 파일이 복사되었습니다.
  파일을 찾을 수 없습니다-ServerPacketHandler.h
  파일을 찾을 수 없습니다-Enum.pb.h
  0개 파일이 복사되었습니다.
  파일을 찾을 수 없습니다-Enum.pb.cc
  0개 파일이 복사되었습니다.
  파일을 찾을 수 없습니다-Struct.pb.h
  0개 파일이 복사되었습니다.
  파일을 찾을 수 없습니다-Struct.pb.cc
  0개 파일이 복사되었습니다.
  파일을 찾을 수 없습니다-Protocol.pb.h
  0개 파일이 복사되었습니다.
  파일을 찾을 수 없습니다-Protocol.pb.cc
  0개 파일이 복사되었습니다.
  0개 파일이 복사되었습니다.
  파일을 찾을 수 없습니다-ClientPacketHandler.h
  파일을 찾을 수 없습니다-Enum.pb.h
  0개 파일이 복사되었습니다.
  파일을 찾을 수 없습니다-Enum.pb.cc
  0개 파일이 복사되었습니다.
  파일을 찾을 수 없습니다-Struct.pb.h
  0개 파일이 복사되었습니다.
  파일을 찾을 수 없습니다-Struct.pb.cc
  0개 파일이 복사되었습니다.
  파일을 찾을 수 없습니다-Protocol.pb.h
  0개 파일이 복사되었습니다.
  파일을 찾을 수 없습니다-Protocol.pb.cc
  0개 파일이 복사되었습니다.
  파일을 찾을 수 없습니다-ClientPacketHandler.h
  0개 파일이 복사되었습니다.
  C:\Users\1\Documents\UnrealProjects\Tbd\Server\Common\protoc-21.12-win64\bin\*.pb.h을(를) 찾을 수 없습니다.
  C:\Users\1\Documents\UnrealProjects\Tbd\Server\Common\protoc-21.12-win64\bin\*.pb.cc을(를) 찾을 수 없습니다.
  C:\Users\1\Documents\UnrealProjects\Tbd\Server\Common\protoc-21.12-win64\bin\*.h을(를) 찾을 수 없습니다.
  계속하려면 아무 키나 누르십시오 . . . 
  pch.cpp
C:\Users\1\Documents\UnrealProjects\Tbd\Server\ServerCore\Session.h(1,1): warning C4819: 현재 코드 페이지(949)에서 표시할 수 없는 문자가 파일에 들어 있습니다. 데이터가 손실되지 않게 하려면 해당 파일을 유니코드 형식으로 저장하십시오.
  (소스 파일 'pch.cpp'을(를) 컴파일하는 중)
  
C:\Users\1\Documents\UnrealProjects\Tbd\Server\GameServer\ServerPacketHandler.h(1,1): warning C4819: 현재 코드 페이지(949)에서 표시할 수 없는 문자가 파일에 들어 있습니다. 데이터가 손실되지 않게 하려면 해당 파일을 유니코드 형식으로 저장하십시오.
  (소스 파일 'pch.cpp'을(를) 컴파일하는 중)
  
  Enum.pb.cc
  Protocol.pb.cc
  Struct.pb.cc
  코드를 생성하고 있습니다...
  GameServer.cpp
C:\Users\1\Documents\UnrealProjects\Tbd\Server\GameServer\Room.h(1,1): warning C4819: 현재 코드 페이지(949)에서 표시할 수 없는 문자가 파일에 들어 있습니다. 데이터가 손실되지 않게 하려면 해당 파일을 유니코드 형식으로 저장하십시오.
  (소스 파일 '/GameServer.cpp'을(를) 컴파일하는 중)
  
C:\Users\1\Documents\UnrealProjects\Tbd\Server\GameServer\ObjectUtils.h(1,1): warning C4819: 현재 코드 페이지(949)에서 표시할 수 없는 문자가 파일에 들어 있습니다. 데이터가 손실되지 않게 하려면 해당 파일을 유니코드 형식으로 저장하십시오.
  (소스 파일 '/GameServer.cpp'을(를) 컴파일하는 중)
  
  GameSession.cpp
C:\Users\1\Documents\UnrealProjects\Tbd\Server\GameServer\GameSession.cpp(1,1): warning C4819: 현재 코드 페이지(949)에서 표시할 수 없는 문자가 파일에 들어 있습니다. 데이터가 손실되지 않게 하려면 해당 파일을 유니코드 형식으로 저장하십시오.
C:\Users\1\Documents\UnrealProjects\Tbd\Server\GameServer\Room.h(1,1): warning C4819: 현재 코드 페이지(949)에서 표시할 수 없는 문자가 파일에 들어 있습니다. 데이터가 손실되지 않게 하려면 해당 파일을 유니코드 형식으로 저장하십시오.
  (소스 파일 '/GameSession.cpp'을(를) 컴파일하는 중)
  
  GameSessionManager.cpp
  ObjectUtils.cpp
C:\Users\1\Documents\UnrealProjects\Tbd\Server\GameServer\ObjectUtils.h(1,1): warning C4819: 현재 코드 페이지(949)에서 표시할 수 없는 문자가 파일에 들어 있습니다. 데이터가 손실되지 않게 하려면 해당 파일을 유니코드 형식으로 저장하십시오.
  (소스 파일 '/ObjectUtils.cpp'을(를) 컴파일하는 중)
  
  Player.cpp
  Room.cpp
C:\Users\1\Documents\UnrealProjects\Tbd\Server\GameServer\Room.cpp(1,1): warning C4819: 현재 코드 페이지(949)에서 표시할 수 없는 문자가 파일에 들어 있습니다. 데이터가 손실되지 않게 하려면 해당 파일을 유니코드 형식으로 저장하십시오.
C:\Users\1\Documents\UnrealProjects\Tbd\Server\GameServer\Room.h(1,1): warning C4819: 현재 코드 페이지(949)에서 표시할 수 없는 문자가 파일에 들어 있습니다. 데이터가 손실되지 않게 하려면 해당 파일을 유니코드 형식으로 저장하십시오.
  (소스 파일 '/Room.cpp'을(를) 컴파일하는 중)
  
  ServerPacketHandler.cpp
C:\Users\1\Documents\UnrealProjects\Tbd\Server\GameServer\ObjectUtils.h(1,1): warning C4819: 현재 코드 페이지(949)에서 표시할 수 없는 문자가 파일에 들어 있습니다. 데이터가 손실되지 않게 하려면 해당 파일을 유니코드 형식으로 저장하십시오.
  (소스 파일 '/ServerPacketHandler.cpp'을(를) 컴파일하는 중)
  
C:\Users\1\Documents\UnrealProjects\Tbd\Server\GameServer\Room.h(1,1): warning C4819: 현재 코드 페이지(949)에서 표시할 수 없는 문자가 파일에 들어 있습니다. 데이터가 손실되지 않게 하려면 해당 파일을 유니코드 형식으로 저장하십시오.
  (소스 파일 '/ServerPacketHandler.cpp'을(를) 컴파일하는 중)
  
  Utils.cpp
  코드를 생성하고 있습니다...
  GameServer.vcxproj -> C:\Users\1\Documents\UnrealProjects\Tbd\Server\Binaries\Debug\GameServer.exe
